
> travel-planner@0.1.0 build
> next build

鈻?Next.js 16.1.4 (Turbopack)
- Environments: .env.local

  Creating an optimized production build ...
鉁?Compiled successfully in 1698.0ms
  Running TypeScript ...
node.exe : Failed to 
compile.
所在位置 行:1 字符: 1
+ & "C:\Program Files
\nodejs/node.exe" "C:
\Program Files\nodejs
/node_mo ...
+ ~~~~~~~~~~~~~~~~~~~
~~~~~~~~~~~~~~~~~~~~~
~~~~~~~~~~~~~~~~~~~~~
~~~~~~~~
    + CategoryInfo   
           : NotSpe  
  cified: (Failed    
 to compile.:Stri    
ng) [], RemoteEx    c
eption
    + FullyQualified 
   ErrorId : Native  
  CommandError
 

./app/components/MapP
anel.tsx:146:17
Type error: Type '(ma
p: any) => void' is n
ot assignable to type
 '() => void'.
  Target signature pr
ovides too few argume
nts. Expected 1 or mo
re, but got 0.

[0m [90m 144 |[39m
                 zoom
[33m=[39m{[35m13[
39m}
 [90m 145 |[39m    
             style[3
3m=[39m{{ height[33
m:[39m [32m"100%"[
39m[33m,[39m width
[33m:[39m [32m"100%
"[39m }}
[31m[1m>[22m[39m
[90m 146 |[39m      
           whenReady
[33m=[39m{(map) [33
m=>[39m {
 [90m     |[39m    
             [31m[1
m^[22m[39m
 [90m 147 |[39m    
                 setT
imeout(() [33m=>[39
m { map[33m.[39mtar
get[33m.[39minvalid
ateSize()[33m;[39m 
}[33m,[39m [35m100
[39m)[33m;[39m
 [90m 148 |[39m    
             }}
 [90m 149 |[39m    
         [33m>[39m
[0m
Next.js build worker 
exited with code: 1 a
nd signal: null
